exports[`auth0 setAuth0User should work 1`] = `
Object {
  "payload": Object {
    "user": "a user",
  },
  "type": "set auth0 user",
}
`;
