exports[`mount should mount the react application to root 1`] = `
<Provider
  store={
    Object {
      "dispatch": [Function],
      "getState": [Function],
      "replaceReducer": [Function],
      "subscribe": [Function],
      Symbol(observable): [Function],
    }
  }>
  <App
    history={
      Object {
        "createHref": [Function],
        "createKey": [Function],
        "createLocation": [Function],
        "createPath": [Function],
        "getCurrentLocation": [Function],
        "go": [Function],
        "goBack": [Function],
        "goForward": [Function],
        "listen": [Function],
        "listenBefore": [Function],
        "push": [Function],
        "replace": [Function],
        "transitionTo": [Function],
        "unsubscribe": [Function],
      }
    }>
    <div />
  </App>
</Provider>
`;
